<?xml version="1.0" encoding="utf-8"?><testsuites><testsuite name="pytest" errors="0" failures="0" skipped="0" tests="20" time="2.101" timestamp="2024-12-18T19:42:39.339060+01:00" hostname="192.168.1.64"><testcase classname="tests.test_alma_utils.TestAlmaUtilsRemaining" name="test_compute_distance" file="tests/test_alma_utils.py" line="25" time="0.001" /><testcase classname="tests.test_alma_utils.TestAlmaUtilsRemaining" name="test_estimate_alma_beam_size" file="tests/test_alma_utils.py" line="17" time="0.001" /><testcase classname="tests.test_alma_utils.TestAlmaUtilsRemaining" name="test_estimate_alma_beam_size_invalid_input" file="tests/test_alma_utils.py" line="30" time="0.000" /><testcase classname="tests.test_alma_utils.TestAlmaUtilsRemaining" name="test_estimate_alma_beam_size_not_quantity" file="tests/test_alma_utils.py" line="22" time="0.000" /><testcase classname="tests.test_alma_utils.TestAlmaUtilsRemaining" name="test_generate_antenna_config_file_file_not_found" file="tests/test_alma_utils.py" line="69" time="0.003" /><testcase classname="tests.test_alma_utils.TestAlmaUtilsRemaining" name="test_generate_antenna_config_file_from_antenna_array" file="tests/test_alma_utils.py" line="51" time="0.009" /><testcase classname="tests.test_alma_utils.TestAlmaUtilsRemaining" name="test_get_fov_from_band" file="tests/test_alma_utils.py" line="39" time="0.001" /><testcase classname="tests.test_alma_utils.TestAlmaUtilsRemaining" name="test_get_fov_from_band_invalid_band" file="tests/test_alma_utils.py" line="44" time="0.000" /><testcase classname="tests.test_alma_utils.TestAlmaUtilsRemaining" name="test_get_max_baseline_from_antenna_array" file="tests/test_alma_utils.py" line="90" time="0.001" /><testcase classname="tests.test_alma_utils.TestAlmaUtilsRemaining" name="test_get_max_baseline_from_antenna_array_no_antennas" file="tests/test_alma_utils.py" line="104" time="0.001" /><testcase classname="tests.test_alma_utils.TestAlmaUtilsRemaining" name="test_get_max_baseline_from_antenna_config" file="tests/test_alma_utils.py" line="77" time="0.000" /><testcase classname="tests.test_alma_utils.TestAlmaUtilsRemaining" name="test_get_max_baseline_from_antenna_config_file_not_found" file="tests/test_alma_utils.py" line="84" time="0.000" /><testcase classname="tests.test_alma_utils.TestAlmaUtilsRemaining" name="test_query_by_targets_empty_list" file="tests/test_alma_utils.py" line="112" time="0.538" /><testcase classname="tests.test_alma_utils.TestAlmaUtilsRemaining" name="test_validate_science_filters_missing_key" file="tests/test_alma_utils.py" line="121" time="0.000" /><testcase classname="tests.test_frontend.TestFrontend" name="test_fetch_science_keywords" file="tests/test_frontend.py" line="6" time="0.001" /><testcase classname="tests.test_frontend.TestFrontend" name="test_query_science_frontend" file="tests/test_frontend.py" line="31" time="0.001" /><testcase classname="tests.test_frontend.TestFrontend" name="test_query_targets_frontend" file="tests/test_frontend.py" line="17" time="0.001" /><testcase classname="tests.test_main" name="test_get_science_keywords" file="tests/test_main.py" line="8" time="0.012" /><testcase classname="tests.test_main" name="test_query_targets" file="tests/test_main.py" line="19" time="0.004" /><testcase classname="tests.test_main" name="test_query_science" file="tests/test_main.py" line="32" time="0.003" /></testsuite></testsuites>